
  .   ____          _            __ _ _
 /\\ / ___'_ __ _ _(_)_ __  __ _ \ \ \ \
( ( )\___ | '_ | '_| | '_ \/ _` | \ \ \ \
 \\/  ___)| |_)| | | | | || (_| |  ) ) ) )
  '  |____| .__|_| |_|_| |_\__, | / / / /
 =========|_|==============|___/=/_/_/_/

 :: Spring Boot ::                (v3.3.3)

2026-08-07T12:55:12.554+05:30  INFO 26916 --- [ApiMarketplace] [           main] c.e.A.ApiMarketplaceApplication          : Starting ApiMarketplaceApplication v0.0.1-SNAPSHOT using Java 25.0.2 with PID 26916 (D:\ApiMarketplace\target\ApiMarketplace-0.0.1-SNAPSHOT.jar started by ASUS in D:\ApiMarketplace)
2026-08-07T12:55:12.567+05:30  INFO 26916 --- [ApiMarketplace] [           main] c.e.A.ApiMarketplaceApplication          : No active profile set, falling back to 1 default profile: "default"
2026-08-07T12:55:14.440+05:30  INFO 26916 --- [ApiMarketplace] [           main] .s.d.r.c.RepositoryConfigurationDelegate : Bootstrapping Spring Data MongoDB repositories in DEFAULT mode.
2026-08-07T12:55:14.619+05:30  INFO 26916 --- [ApiMarketplace] [           main] .s.d.r.c.RepositoryConfigurationDelegate : Finished Spring Data repository scanning in 160 ms. Found 12 MongoDB repository interfaces.
2026-08-07T12:55:17.314+05:30  INFO 26916 --- [ApiMarketplace] [           main] o.s.b.w.embedded.tomcat.TomcatWebServer  : Tomcat initialized with port 8092 (http)
2026-08-07T12:55:17.371+05:30  INFO 26916 --- [ApiMarketplace] [           main] o.apache.catalina.core.StandardService   : Starting service [Tomcat]
2026-08-07T12:55:17.373+05:30  INFO 26916 --- [ApiMarketplace] [           main] o.apache.catalina.core.StandardEngine    : Starting Servlet engine: [Apache Tomcat/10.1.28]
2026-08-07T12:55:17.538+05:30  INFO 26916 --- [ApiMarketplace] [           main] o.a.c.c.C.[Tomcat].[localhost].[/]       : Initializing Spring embedded WebApplicationContext
2026-08-07T12:55:17.546+05:30  INFO 26916 --- [ApiMarketplace] [           main] w.s.c.ServletWebServerApplicationContext : Root WebApplicationContext: initialization completed in 4837 ms
2026-08-07T12:55:18.431+05:30  INFO 26916 --- [ApiMarketplace] [           main] org.mongodb.driver.client                : MongoClient with metadata {"driver": {"name": "mongo-java-driver|sync|spring-boot", "version": "5.0.1"}, "os": {"type": "Windows", "name": "Windows 11", "architecture": "amd64", "version": "10.0"}, "platform": "Java/Eclipse Adoptium/25.0.2+10-LTS"} created with settings MongoClientSettings{readPreference=primary, writeConcern=WriteConcern{w=null, wTimeout=null ms, journal=null}, retryWrites=true, retryReads=true, readConcern=ReadConcern{level=null}, credential=null, transportSettings=null, commandListeners=[], codecRegistry=ProvidersCodecRegistry{codecProviders=[ValueCodecProvider{}, BsonValueCodecProvider{}, DBRefCodecProvider{}, DBObjectCodecProvider{}, DocumentCodecProvider{}, CollectionCodecProvider{}, IterableCodecProvider{}, MapCodecProvider{}, GeoJsonCodecProvider{}, GridFSFileCodecProvider{}, Jsr310CodecProvider{}, JsonObjectCodecProvider{}, BsonCodecProvider{}, EnumCodecProvider{}, com.mongodb.client.model.mql.ExpressionCodecProvider@412ebe64, com.mongodb.Jep395RecordCodecProvider@6f731759, com.mongodb.KotlinCodecProvider@1f84327b]}, loggerSettings=LoggerSettings{maxDocumentLength=1000}, clusterSettings={hosts=[localhost:27017], srvServiceName=mongodb, mode=SINGLE, requiredClusterType=UNKNOWN, requiredReplicaSetName='null', serverSelector='null', clusterListeners='[]', serverSelectionTimeout='30000 ms', localThreshold='15 ms'}, socketSettings=SocketSettings{connectTimeoutMS=10000, readTimeoutMS=0, receiveBufferSize=0, proxySettings=ProxySettings{host=null, port=null, username=null, password=null}}, heartbeatSocketSettings=SocketSettings{connectTimeoutMS=10000, readTimeoutMS=10000, receiveBufferSize=0, proxySettings=ProxySettings{host=null, port=null, username=null, password=null}}, connectionPoolSettings=ConnectionPoolSettings{maxSize=100, minSize=0, maxWaitTimeMS=120000, maxConnectionLifeTimeMS=0, maxConnectionIdleTimeMS=0, maintenanceInitialDelayMS=0, maintenanceFrequencyMS=60000, connectionPoolListeners=[], maxConnecting=2}, serverSettings=ServerSettings{heartbeatFrequencyMS=10000, minHeartbeatFrequencyMS=500, serverListeners='[]', serverMonitorListeners='[]'}, sslSettings=SslSettings{enabled=false, invalidHostNameAllowed=false, context=null}, applicationName='null', compressorList=[], uuidRepresentation=JAVA_LEGACY, serverApi=null, autoEncryptionSettings=null, dnsClient=null, inetAddressResolver=null, contextProvider=null}
2026-08-07T12:55:18.490+05:30  INFO 26916 --- [ApiMarketplace] [localhost:27017] org.mongodb.driver.cluster               : Monitor thread successfully connected to server with description ServerDescription{address=localhost:27017, type=STANDALONE, state=CONNECTED, ok=true, minWireVersion=0, maxWireVersion=27, maxDocumentSize=16777216, logicalSessionTimeoutMinutes=30, roundTripTimeNanos=48087600}
2026-08-07T12:55:23.023+05:30  INFO 26916 --- [ApiMarketplace] [           main] o.s.b.w.embedded.tomcat.TomcatWebServer  : Tomcat started on port 8092 (http) with context path '/'
2026-08-07T12:55:23.146+05:30  INFO 26916 --- [ApiMarketplace] [           main] c.e.A.ApiMarketplaceApplication          : Started ApiMarketplaceApplication in 11.755 seconds (process running for 12.916)
2026-08-07T14:27:05.684+05:30  INFO 26916 --- [ApiMarketplace] [nio-8092-exec-1] o.a.c.c.C.[Tomcat].[localhost].[/]       : Initializing Spring DispatcherServlet 'dispatcherServlet'
2026-08-07T14:27:05.685+05:30  INFO 26916 --- [ApiMarketplace] [nio-8092-exec-1] o.s.web.servlet.DispatcherServlet        : Initializing Servlet 'dispatcherServlet'
2026-08-07T14:27:05.691+05:30  INFO 26916 --- [ApiMarketplace] [nio-8092-exec-1] o.s.web.servlet.DispatcherServlet        : Completed initialization in 4 ms
